Cleaning up sensor processes...
Starting test...

Configuration:
  Duration: 1 minutes
  Gyroscope: Disabled

Starting in 2 seconds...

====================================================================================================
REAL-TIME FILTER COMPARISON: EKF vs Complementary
====================================================================================================

✓ Initializing sensor (brief pause for cleanup)...

✓ Accelerometer daemon started

✓ Validating sensor startup (waiting up to 10 seconds for accelerometer data)...
  [REQUIRED] Waiting for accelerometer samples...
  Waiting... (attempt 1/10)
  Waiting... (attempt 2/10)
  Waiting... (attempt 3/10)
  Waiting... (attempt 4/10)
  Waiting... (attempt 5/10)
  Waiting... (attempt 6/10)
  Waiting... (attempt 7/10)
  Waiting... (attempt 8/10)
  Waiting... (attempt 9/10)

✗ FATAL ERROR: No accelerometer data received after 10 seconds
  Test cannot proceed without accelerometer input
  Check: termux-sensor -s ACCELEROMETER works manually
Cleaning up sensor processes...
